; forest_of_boars.map
[0]
//////////////////////////////////////////////------0222222222222222222222222222
/////////////////////////////////////////////////---0022222222222222222222222222
/////////////////////////////////////////////////---0000222222222222222222222222
//////////////////////////////////////////////////---000000002222222222222222222
/////////////////////////////////////////////////////-------00000000002222222222
////////////////////////////////////////////////////////-------------00000222222
///////////////////////////////////////////////////////////////----------0002222
////////////////////////////////////////////////////////////////--/---/----00002
////////////////////////////////////<////////////////////////////////--//-----00
///////////////////////////////////////////////////////////////////////---/-----
/////////////////////////////////////////////////////////////////////////-------
//////////////////////////////////////////////////////////////////////////------
////////////////////////////////////////////////////////////////////////////////
///////////////////////111//////////////////////////////////////////////////////
//////////////////////133311////////////////////////////////////////////////////
////////////////////11333331////////////////////////////////////////////////////
//////////////////11333333331///////////////////////////////////////////////////
/////////////////1133333333331//////////////////////////////////////////////////
//////////////////13333333331////2//////////////////////////////////////////////
/////////////////13333333331/////222////////////////////////////////////////////
////////////////1133333331////////222///////////////////////////////////////////
/////////////////133331////////////2////////////////////////////////////////////
//////////////////111///////////////////////////////////////////////////////////
////////////////////2222////////////////////////////////////////////////////////
////////////////////200222//////////////////////////////////////////////////////
////////////////////00022K//////////////////////////////////////////////////////
///////////////////0///222//////////////////////////////////////////////////////
////////////////////////2///////////////////////////////////////////////////////
////////////////////////////////////////////////////////////////////////////////
////////////////////////////////////////////////////////////////////////////////
////////////////////////////////////////////////////////////////////////////////
////////////////////////////////////////////////////////////////////////////////
////////////////////////////////////////////////////////////////////////////////
////////////////////////////////////////////////////////////////////////////////
////////////////////////////////////////////////////////////////////////////////
////////////////////////////////////////////////////////////////////////////////
////////////////////////////////////////////////////////////////////////////////
////////////////////////////////////////////////////////////////////////////////
////////////////////////////////////////////////////////////////////////////////
////////////////////////////////////////////////////////////////////////////////
[1]
(<<(<<(<<<(((>>>>(<(<((((((<<DDDDD(<(<<<<(((<<<<<<<(<<<<<<<(<<<<<<<(CCCC<<CC(<<<
<<<<<<<(<<(((((<><<<<<((((C<DD(((D((((<<<(<<((<((((((<<<<<<<>>(<((<((<E<CCC<(<<(
<<<<<<<<<<<(<<<><(<<<<((<(((D(((((((((<<<<<<((<((C(((<<((<<((>>>((((EEEEECC((<<<
(<(((<(((<<<<(<C((CC((((<(((<<<(<(((CCC<(((<<(<CC<(((<((((<<<<(((((EEEEEE(C<<(((
<<((((<<<C<<<((<CCC(C(((<<(<(((((((C(((((((((((CC((<<<(((<<(((<(((((EEE((<C<<((<
<<<<((<C<<<<<<<C<(<C<((<((((<(<(<(C<(C(((((?(((<(CC(((C<<((((((<((((((((<(((<<<(
(<<(<CC(<<(<<(C((C(<<((((((((<<<(C<CCC((((((((((<<<CCC<<((((((((<((((((((((((((<
(((CC(<<<<<<<<CCC(<((((((C<(<(((CCC(((<((((CC(C((C(<C(<<((((((((<<<<<((<((((((((
(<(<(CCCCC<(<(((<(((((((<<C((((((((<<<<(((((((((((((((((A((((==(((((<<<(((((((((
<((<(<<<CC<((<<((((<((<<<<(C(((((((((((((EEEE((((((<((((AA((((===(((((<<<(((((((
((<<((<<((((((<((<<<<<((<<<CCCC((((((<<((((E<((((((<(((((A((<<(((((((CC(C<((((((
<(<<((?((((<(<<(((((<((((((((CC((<(<<((((((((((((((<<((((((((((<(<(((<<((CC(((((
<<((((((<<<(<((<<<<((((;((((((((((((<(((((((((((<((<(((((((((((CC(<<<<(((CC(((((
(<((<((<<((<((((((((((;(((;(((((((<<(((((((((((((<<<<<(((((((((CCC<CC<C<C(<(((((
((<((>>((((((((((((((((((((;(((((<<((((((((((((((((C(((<C(<(<<(((((((((<(<<(((((
<(((<(>>((<((((((((;((((((((((((((((((((((((((((((CC(C(C(((((((((((((((<(((<<<((
<<(<>>>>><<((((((((((((((((((;(((((<>>>(((((((((((CC((C(((<(((((((((((<((CC<(<((
<<<((<(((<((<((((((((((((((((((((<((>>>>((((((((C(C(((C(((((((((((((CCCC(<C((<((
<((((<(((<(((((((;((((((((((((((<((((>>(((((DA((<((=CCC((<(((((((CC(((((C(((<(((
<<<((<CCC(((((((;(((((((((((;((((((((((((((<((((((((CC(((((((<<(((((((((<(((((((
(<((<(((C<(((((((((((((((((((((<((((((<((((((((((((C((((((((<(((((EEEE(<(((<((((
(<<((<((C<<((((((((((((;(((((((((CC((((((((((((((((((((((((((<<((<<(E<<(<((((<<(
((<((C<CCCCC(((((;(((((((((((((CC(((((((((<(<((<(((((<((((<((((((<<<<E((<((((<((
(((<<CC(C((C(((((((((((((<<<(CC((((<(((<<<(((((((((((((((((((((((<(<(<<(((<((<((
((((<<(CCCC(<<(<((<(((<((((((C((((((((<<(((((((((((<(<((((((CCCC((((((((((?(((((
(((((<<CC<C((<((((((<<(((((((C((<(((((((((<((<(((((((((((CCC(<CC((((((((((<DD(((
<((((<(CC(C<<<(<E(<(<(((((((((CC((((((((<<((((((((((CC(((C(((C(((<((((((((((DD((
<((((<(((((((((((EE((((((<(((((((((((((<(((((((((((((((((((((((((((<((((CC<<(D((
(((((<<<((((((EEE((((((<<(<((<(<((((((<<((>>(((((((((((?((((<<((<((<<C(C(((<((((
((((((((((((((<(<<<(<<<CCC<(((((<((((((((<>>((AAA((((((((((((((((((C(((((((<((((
<<<(((((>>>(<<(((((<(<<<C(((D((((<<<<((((>>(<(((AAA<((<<((((C(<<(<C((((<<<((((((
<<(((((((((>>(((<<C<((((C(<D<<((<(<(=(<(<>>((((<(((((<<<<(<(C<(CCC<<<((<(<(((<((
((<((((((>>>><((<((C<C<CC(DD((<<((<((==((((((((<((<<(<(<<((<(<(((<(<(<((<<((((((
((((CCCC(<<(<<<<<<<<(<(<(DD<(<C<(<<(<<====<(<<<(<(((((EEE((<(<<((((<CC<C<<((((<(
(((C(C(CCC(((<<<<<<<<(<((<<((<C(C(C((<(<(((<<(((((((((EEE(((C((<C(C(<<<<<<<(((((
(((<(((C(C<CC(<C((((((((((CC(((<((C(<<<<(<<((((((((((EE((((C((CC<(<<(<<<<<<((((<
(((CCC(((C((C(<<CC(<(<<C(CCC<<((((C(<(<<<<((((<<(((((((((<((((C(((((((<<<<<<(((<
<<C(((CCCC(<<C<CCC((CC<(CCCC<C((CCC<<(<<<<(<<(((<<<((<(((((<<<C<((<<((((((<(<<<<
(<(C<<(CCCCC((((((((<((((<<<<C((CC(<(((((((<<((((((((((CCCCCCCC<((((<(((((((((((
<<(((<<(<(((((<(((<(<<<(<(<((CCC(((((((((((((((C((((((C(((<<<((<((((((((((((((((
