[0]
******--,,,-***-*-**************************************************************
****--,,,*-**-,---**-*---,-,********-*********************--********************
***,,--,,,----,,-,-,,---,---****************************,--*-****-**************
**-,-,--,*,---,,,,,-,****,*******,********************,**,,,,-,,-,,-,***********
-,-*,,-,**--*,*,,************************************-*,,,--,,-,-*,*,*--********
****,-,-,,**-****-**-*******************************,***--,-,--,--****-*-*******
********************-*******************************-,**-,,*,-,**********-******
--**********************-***********************,***,**,*-*********--**---******
**********************************************-**********************-**********
********************************************,*************************-*-*******
,********,************************************************************-**,,*****
*--*******************,************(******,*-*************************---*******
,*******-*********************************,-*************************---*-******
,-*******-**********************************************************,*----******
*,,**,*--,-,*-**********************2/////5//*+***********************,--,--****
*-*--*-,***-**,*********************2////555/**********************-**,,-,,*****
,****--*****************************2/////5//*******************,,---,*,-,******
*-,****-,***-**-*******************22////555/*******++**********,,**-*,*-*******
*-,-***--**-**,********************22/////5//33*********************-**,-*******
*-,*-*****-*******,***************2225///////44************+********************
--,--*-***-,,**********************2255//////*****************,*,***-***********
-*,*-*-,,,--,*--*******************225///////*****************,*,-,-,*---*******
,,--,*-,**,-***********************22////55/5*********************--*,*-*-******
-******--**,************************,******************************-*,*--*******
*********,--*****************************************************---*--**-*((**(
********-******************************************************--**,,,,*********
**********************,******************************************---**,*********
*******,*************************************************************,**********
********,*****,,************************************************,***,*--********
*********,******,***********************************************,,****-,********
******,,-**-,,-,******************************************,,*,****-*-*,,**,*,**-
******,*-*,,*--*-******-**********************************,-**--*--*-,,,*----,**
*******--**-,,,**-*,*************************************-**,*,,,,,,,,*,--******
***,*--**-,--,*---*,****************************,********,*,*,*,,,,,-**,,*,,----
*--,,*,---*-*,,,---,,,******************-,-,-,-,--,-***,*----,,,,,,-*,-,--******
*****-,*-*-**-,,--,-,,*,---,-*-*,**--,,-,,**--,,,----**,,**-,,-,,,---***,*******
*******--,--**,---*-*-,--*----,-,,,**,***--,-,,,---,*****,,,*-***-,--*---*-*****
******-,--,,,*****,**--,,***,----*****--,,-,-,,-,**,*****,,,******,******-******
******-******,,,,,*********************-,-,,,,---,************,**,**************
***----*--**,***,**********************---*---**********************************
[1]
((((((((((((((((((((((((((((((((((((((((((((((((((((((((((((((((((((((((((((((((
((((((((((((((((((((((((((((((((((((((((((((((((((((((((((((((((((((((((((((((((
((((((((((((((((((((((((((((((((((((((((((((((((((((((((((((((((((((((((((((((((
((((((((((((((((((((((((((((((((((((((((((((((((((((((((((((((((((((((((((((((((
((((((((((((((((((((((((((((((((((((((((((((((((((((((((((((((((((((((((((((((((
((((((((((((((((((((((((((((((((((((((((((((((((((((((((((((((((((((((((((((((((
((((((((((((((((((((((((((((((((((((((((((((((((((((((((((((((((((((((((((((((((
((((((((((((((((((((((((((((((((((((((((((((((((((((((((((((((((((((((((((((((((
((((((((((((((((((((((((((((((((((((((((((((((((((((((((((((((((((((((((((((((((
((((((((((((((((((((((((((((((((((((((((((((((((((((((((((((((((((((((((((((((((
((((((((((((((((((((((((((((((((((((((((((((((((((((((((((((((((((((((((((((((((
((((((((((((((((((((((((((((((((((((((((((((((((((((((((((((((((((((((((((((((((
((((((((((((((((((((((((((((((((((((((((((((((((((((((((((((((((((((((((((((((((
((((((((((((((((((((((((((((((((((((((((((((((((((((((((((((((((((((((((((((((((
((((((((((((((((((((((((((((((((((((((((((((((((((((((((((((((((((((((((((((((((
((((((((((((((((((((((((((((((((((((((((((;(((((((((((((((((((((((((((((((((((((
((((((((((((((((((((((((((((((((((((((((((((((((((((((((((((((((((((((((((((((((
((((((((((((((((((((((((((((((((((((((((((;(((((((((((((((((((((((((((((((((((((
((((((((((((((((((((((((((((((((((((((((((((((((((((((((((((((((((((((((((((((((
((((((((((((((((((((((((((((((((((((((((((((((((((((((((((((((((((((((((((((((((
(((((((((((((((((((((((((((((((((((((;((((((((((((((((((((((((((((((((((((((((((
((((((((((((((((((((((((((((((((((((((((((<(((((((((((((((((((((((((((((((((((((
((((((((((((((((((((((((((((((((((((((<(((((5(((((((((((((((((((((((((((((((((((
((((((((((((((((((((((((((((((((((((((((((((((((((((((((((((((((((((((((((((((((
((((((((((((((((((((((((((((((((((((((((((((((((((((((((((((((((((((((((((((((((
((((((((((((((((((((((((((((((((((((((((((((((((((((((((((((((((((((((((((((((((
((((((((((((((((((((((((((((((((((((((((((((((((((((((((((((((((((((((((((((((((
((((((((((((((((((((((((((((((((((((((((((((((((((((((((((((((((((((((((((((((((
((((((((((((((((((((((((((((((((((((((((((((((((((((((((((((((((((((((((((((((((
((((((((((((((((((((((((((((((((((((((((((((((((((((((((((((((((((((((((((((((((
((((((((((((((((((((((((((((((((((((((((((((((((((((((((((((((((((((((((((((((((
((((((((((((((((((((((((((((((((((((((((((((((((((((((((((((((((((((((((((((((((
((((((((((((((((((((((((((((((((((((((((((((((((((((((((((((((((((((((((((((((((
((((((((((((((((((((((((((((((((((((((((((((((((((((((((((((((((((((((((((((((((
((((((((((((((((((((((((((((((((((((((((((((((((((((((((((((((((((((((((((((((((
((((((((((((((((((((((((((((((((((((((((((((((((((((((((((((((((((((((((((((((((
((((((((((((((((((((((((((((((((((((((((((((((((((((((((((((((((((((((((((((((((
((((((((((((((((((((((((((((((((((((((((((((((((((((((((((((((((((((((((((((((((
((((((((((((((((((((((((((((((((((((((((((((((((((((((((((((((((((((((((((((((((
((((((((((((((((((((((((((((((((((((((((((((((((((((((((((((((((((((((((((((((((
