; orc_camp.map
[0]
2222222222222222220000000---////////////////////////////////////////////////////
222222222202222220000---////////////////////////////////////////////////////////
2222222220002222000--//0////////////////////////////////////////////////////////
22222000000000000-//////////////////////////////////////////////////////////////
222222000000--0--///////////////////////////////////////////////////////////////
2222222000--//-/////////////////////////////////////////////////////////////////
222222000--0////////////////////////////////////////////////////////////////////
2220000---//////////////////////////////////////////////////////////////////////
2000--//0///////////////////////////////////////////////////////////////////////
000---//////////////////////////////////////////////////////////////////////////
00-/////////////////////////////////////////////////////////////////////////////
////////////////////////////////////////////////////////////////////////////////
/0/////////////////////////////////////////////////...//////////////////////////
//////////////////////////////////////////////////......////////////////////////
////////////////////////////////////////////////////.../////////////////////////
///////////////////////////////////////////////////...//////////////////////////
////////////////////////////////////////////////////////////////////////////////
////////////////////////////////////////////////////////////////////////////////
////////////////////////////////////////////////////////////////////////////////
///////////////////////////////////////////////.////////////////////////////////
/////////////////////////////////////....../////////////////////////////////////
/////////////////////////////////////....../////////////////////////////////////
/////////////////////////////////////......////////SSSSS////////////////////////
//////////////////////////////////////..../////////SRRRS//////////////////////-1
///////////////////////////////////////////////////SRRRS/////////////////////--1
///////////////////////////////////////////SSSS////SRRRS////////////////////0113
///////////////////////////////////////SSSSSRRS////SSRSS////////////////////1133
///////////////////////////////////////SRRRRRRR^^^^^^^////////////////////-11333
///////////////////////////////////////SSSSSRRS//////////////////////////1113331
///////////////////////////////////////////SSSS////////////////////////111333311
//////////////////////////////////////////////////////////////////0111113333111-
//////////////////////////////////////////////////////////////--1111333333111---
////////////////////////////////////////////////////////////111113333331111---//
/////////////////////////////////////////////////////////1111333333111110///////
/////////////////////////////////////////////////11/-/11113333311111////////////
/////////////////////////////////////////////////011111333331111-///////////////
///////////////////////////////////////////////01111333331111///////////////////
/////////////////////////////////////////////-111333331111-/////////////////////
///////////////////////////////////////////--11333311110////////////////////////
///////////////////////////////////////////--13333111///////////////////////////
[1]
(((((((((((((((((((((((((((((CC((((((((((((((((((((<<<(<<<<<<<<<<<<<<<<<<<<<<<<<
(((((((((((((((((((((((((((CCCCCC((((((((((((((((((((<<<<((((<<<((<(<<<<<<<<<<<<
((((((((((((((((((((((((((((CCC((((((((((((((((((((((((((((<<<((<((((((<<<<<<<<<
((((((((((((((((((((((((((CCC((((((((((((((((((((((((((((((<(((((<((<<<<((((<<<<
((((((((((((((((((((((((((((CC(((((((((((((((((((((((((((((<<(<(((<(((<((((((<<<
((((((((((((((((((((((D((((((CC(((((((((((((((((((((((((((((<((((((<(((((((((<<<
((((((((((((((((((((((DD((((((((((C(((((((((((((((((((((((((((<<((<<<<(((((((<<<
((((((((((>((((((((((DD(((((((((CC((((((((((((((((@((((((((((((<((<((((((((((<(<
((((((>>(>((((((((((DDDD((((((CCC((((((((((((((((((((((((((((((((D<(<(<<<((((<<(
((((((>(((((((((((((((DD(((((((C((((((((((((((((((((((((((((((DDD(((((<(((((((<<
(((((>((((((((((((((((D((((((((((((((((((((((?((((((((((((((((((DDDD((<<<(((<<<<
((((((((((((((((((((((>((((((;(((((((((((((((((((((((((((((((((DDD((((((<(<<<<<<
(((((((((((((((((((((((((((((((((((((((((((((((((((((((((;((((D(((((((((<(((<<<<
((((((((((((((((((((((((((((((?((((((((((((((((((((((((((((((((((((((((<(((((<<<
(((((((((((((((((((((((((((((((((((((((((((((A(((((((((((((((((((((((((<((<<(<<<
((((((((((((((((((((((((((((((((((((((((((;(((((((((((((((((((((((((((((((((((<<
(((((((((((((((((((((((((((((((((((((((((((((((((((((((((((((((((((((((((((((((<
((((((((((((((((((((((((((((((((((((((((((;((((((((((((((((((((((((((((((((((((<
((((((((((((((((((((((((((((((((((((((((((((((((((((((((((((((B(((((((((((((((<<
(((((((((((((((((((((((((((((((((((((E((((((E(((((((((((((((((((((((((((((((((((
(((((((((((((((((((((((((((((((((((((;((((((((((((((((((((((((((((((((((((((((((
((((((((((((((((((((((((((((((((((((((((((<((((((((((((((((((((A((((((((((((((((
((((((((((((((((((((((((((((((((((((((<(((((((((((((((((((((((((((((((((((((((((
(((((((((((((((((((((((((((((((((((((((((((((((((((((((((((((((((((((((((((((((;
(((((((((((((((((((E((((((((((<((((((((((((((((((((((((((((((((((((((((((((((((;
((((((((((((((((E(((((((((((((((((((((((((((((((((((((((((((((((((((((((((((((((
((((((((((((((((((E((((((((((((((((((((((((((((A(((((T((((((((((((((((((((((((((
((((((((((((((((((((((((((((((((((((((((((((((T(((((((((((((((((((((((((((((;(((
(((((((((((((((((((((((((((((((((((((((((((((((A(((((((((((((((((((((((((;((((((
((((((((((((((((((((((((((((((((((((@(((((((((((((((((((((((((((((((((((((((((;;
(((((((((((((((((((((((((((((((((((((((((((((((((((((((((((((((((((;(((((((((;;(
(((((((((((((((((((((((((((((((((((((((((((((((((((((((((((((((((((;(((((((;;(((
((((((((((((((((((((((((((((((((((((((((((((((((((((((((((;((((((((((((;;;;(((>(
((((((((((((((((((((((((((((((((((((((((((((((((((((((((((((;(((((((;;;;;=(<<<<<
(((((((((((((((((((((((((((((((((((((((((((((((((;(((((((;(((((((((;;(((<<((<<<<
(((((((((((((((((((((((((((((((((((((((((((((((((((((;(((((((((;;;;((<<<<<<<<<<<
(((((((((((((((((((((((((((((((((((((((((((((((((((((((((((;(;;;(=(<<<<((<<<<<<<
(((((((((((((((((((((((((((((((((((((((((((((((;((((((((((;;;;<<((<<<(<<(<((<<(<
((((((((((((((((((((((((((((((((((((((((((((((((((((((;;;;;<<(<<<<<<((<<<<<<<((<
(((((((((((((((((((((((((((((((((((((((((((((;((((((((;>((<<<<(<<<(<(<(<<<<<<<<<
