; plain_of_bones.map
[0]
--------------------------------------------------------------------------------
--------------------------------------------------------------------------------
--------------------------------------------------------------------------------
--------------------------------------------------------------------------------
--------------------------------------------------------------------------------
--------------------------------------------------------------------------------
--------------------------------------------------------------------------------
--------------------------------------------------------------------------------
--------------------------------------------------------------------------------
--------------------------------------------------------------------------------
--------------------------------------------------------------------------------
--------------------------------------------------------------------------------
--------------------------------------------------------------------------------
--------------------------------------------------------------------------------
--------------------------------------------------------------------------------
--------------------------------------------------------------------------------
--------------------------------------------------------------------------------
--------------------------------------------------------------------------------
--------------------------------------------------------------------------------
--------------------------------------------------------------------------------
-----11---------------------------------(---------------------------------------
---11111------------------------------------------------------------------------
--1133311-----------------------------------------------------------------------
11133333111---------------------------------------------------------------------
133333333311111111--------------------------------------------------------------
3333333333333333111-------------------------------------------------------------
33311111333333333311------------------------------------------------------------
3111111111133333333111----------------------------------------------------------
1111111111111133333331111-------------------------------------------------------
11-----------111333333311-------------------------------------------------------
---------------111333333311-----------------------------------------------------
---------------1111333333311----------------------------------------------------
------------------1113333331111-------------------------------------------------
--------------------11133333331111----------------------------------------------
---------------------1113333333331111-------------------------------------------
-----------------------11113333333331111----------------------------------------
--------------------------111333333333111111------------------------------------
----------------------------11111333333333111-----------------------------------
-------------------------------11133333333311-----------------------------------
---------------------------------111333333311-----------------------------------
[1]
(//////////(///(//(//(((((((((((((((((((((((((((((((((((((((((((((((((((((((((((
(//////////////////////(((((((((((((((((((((((((((((((((((((((((((((((((((((((((
(///////((////((((((((((((((((((((((((((((((((((((((((((((((((((((((((((((((((((
(////((//(/(/////(/(((((((((((((((((((((((((((((((((((((((((((((((((((((((((((((
((/(////////////(//(((((((((((((((((((((((((((((((((((((((((((((((((((((((((((((
(/(////(/(((((((/(((((((((((((((((((((((((((((((((((((((((((((((((((((((((((((((
(//////(////((////((((((((((((((((((((((((((((((((((((((((((((((((((((((((((((((
//(/////////(((((//(((((((((((((((((((((((((((((((((((((((((((((((((((((((((((((
////((///(/(((////((((((((((((((((((((((((((((((((((((((((((((((((((((((((((((((
////((//(///((((((((((((((((((((((((((((((((((((((((((((((((((((((((((((((((((((
//////////((/(/(((((((((((((((((((((((((((((((((((((((((((((((((((((((((((((((((
////((((///////(((((((((((((((((((((((((((((((((((((((((((((((((((((((((((((((((
///(//(///(///((((((((((((((((((((((((((((((((((((((((((((((((((((((((((((((((((
///(((/(//((/(((((((((((((((((((((((((((((((((((((((((((((((((((((((((((((((((((
//////(/((/(//(/((((((((((((((((((((((((((((((((((((((((((((((((((((((((((((((((
///((/////(//((/((((((((((((((((((((((((((((((((((((((((((((((((((((((((((((((((
////(////////(///(((((((((((((((((((((((((((((((((((((((((((((((((((((((((((((((
//(/(/////////((((((((((((((((((((((((((((((((((((((((((((((((((((((((((((((((((
/////////((((//(((((((((((((((((((((((((((((((((((((((((((((((((((((((((((((((((
//////(//((/((((((((((((((((((((((((((((((((((((((((((((((((((((((((((((((((((((
//(//(/(((((//(((((((((((((((((((((((((((((-((((((((((((((((((((((((((((((((((((
/((////(//////((((((((((((((((((((((((((((((((((((((((((((((((((((((((((((((((((
((((((((////////((((((((((((((((((((((((((((((((((((((((((((((((((((((((((((((((
(((((((((///(/////((((((((((((((((((((((((((((((((((((((((((((((((((((((((((((((
((((((/(((////((((//((((((((((((((((((((((((((((((((((((((((((((((((((((((((((((
(((((//(///(((((((((((((((((((((((((((((((((((((((((((((((((((((((((((((((((((((
((((((//////((((((((((((((((((((((((((((((((((((((((((((((((((((((((((((((((((((
((/////((((/((((((((((((((((((((((((((((((((((((((((((((((((((((((((((((((((((((
((((((((((((((((((((((((((((((((((((((((((((((((((((((((((((((((((((((((((((((((
((//////////((((((((((((((((((((((((((((((((((((((((((((((((((((((((((((((((((((
///////(/(((((((((((((((((((((((((((((((((((((((((((((((((((((((((((((((((((((((
/////////(((((((((((((((((((((((((((((((((((((((((((((((((((((((((((((((((((((((
/////((/(/((((((((((((((((((((((((((((((((((((((((((((((((((((((((((((((((((((((
///(//////((((((((((((((((((((((((((((((((((((((((((((((((((((((((((((((((((((((
/////////(((((((((((((((((((((((((((((((((((((((((((((((((((((((((((((((((((((((
///((////(/(((((((((((((((((((((((((((((((((((((((((((((((((((((((((((((((((((((
///(//////((((((((((((((((((((((((((((((((((((((((((((((((((((((((((((((((((((((
////(//(///(((((((((((((((((((((((((((((((((((((((((((((((((((((((((((((((((((((
////(/((///(((((((((((((((((((((((((((((((((((((((((((((((((((((((((((((((((((((
//((//((((((((((((((((((((((((((((((((((((((((((((((((((((((((((((((((((((((((((
