; plain_of_bones.map
[0]
////////-/////---//--//////////2222222222222222222222222222222222222222222222222
/////////--/--//////////--///--//-----222222222222222222222222222222222222222222
/--/////////--/-///---/////-///000-------------222222222222222222222222222222222
///////--/////////--////--/-----0//00--///--------222222222222222222222222222222
////-----///----///----//////////0/0------/------------------2222222222222222222
-///--////-//---///-//-///-///0000--000----/-----------------------2222222222222
--////--//-///---/-----//--///0//--0000---/---------------0-0---------2222222222
//--//////--//////---/-/--/-////0-//0/---/-00--00-00-00-----0--------22222222222
///////////////-/////--/---/-///--0-0--///----0---0---00---0-------------2222222
///////-///----/--//----/---//----/---/-//--00000-00-0000000000--000------222222
--//-//-/-/////////-/////-///--/-//---------0000000-----0--0------00------222222
/-/----///-///--//-///-/---///----/-/--00000---0-/0-0-000-0------0--------222222
-//-/-//////--/-/-/-////////----4-/-//00---/0/-------00-00------0-----2222222222
///-//////-----//---///-///-///----//0-/-/---/-------0000------0----222222222222
/////////-0///////////-//--/---/--/-//------/-----/---0000-0-00----22222--222222
//-//-/////////////---//---/--/--00000------/----------0----------2222--------22
--//-//-/--//////--/////---/-////0---/-000--/-----0----00-------22222-----------
--/-//-///---/---//-////-/-//--/------//0////------00--0-0000--2222-------------
--//////-----///---/--///-//--/---0000000---//---/---0--00-0--2222-------------0
-/-//-/-//---//--//////////-//--0000//-0-------------------0---22---------0-0---
////-11///--//--//-/-/////-//-------0/00/----0--------------0-------0----0------
//-11111--/////--/-/////-/--//-----//---//-0--/-------------0--------0----00000-
//1133311-///-/////-/////////------///-//0-////--------------0-0000--0------00-0
11133333111-/////-////-----------------/---00----0000-0---0---0-0000-0------0000
13333333331111111--////-/-/////--------/----0--------------------0000--------0--
3333333333333311111---//----////////-/-//---000000-00--0--0-----0--00-------0---
33311111333333333311--/////////--////-----/00//-----0-------0------0-------0----
3111111111133333333111/-------/----//-/----0---0----0--------000-0-00------0----
111111111111113333333111//////-//---/--/------0-0--0-0-------0--0-00-0-----K--22
11-----------111333333111----/---/--///-/-/-/--00--0-00------0-------00-------22
-----//////----111333333311---////--//000000/0------0--0-----00---------------22
-////////--//--1111333333311---------/0-----/------00--0000-0--000-00--------222
/-----/-/-----/---1113333331111------/////////------0---00--0-0-------------2222
-----//-/-----/-----11133333331111---------///-/////-0----0---------------222222
////--//////---///---1113333333331111----//----/---/-0-----000000000---222222222
-//////-/---------/----11113333333331111---//////////-0---------0000222222222222
--//-//////////////-------111333333333111111----///---00-0--00-00000222222222222
--/-----/------/--////------11111333333333111//////--------------000022222222222
--//-///-----//////////--------11133333333311//////---------22222222222222222222
-----------------//-------------11113333333111//--------222222222222222222222222
[1]
C(CCCCCCCCCC((((((((((((((((((((((((((((((((((((((((((((((((((((((((((((((((((((
CCCCCCC((C((((((((((((((((((((((((((((((((((((((((((((((((((((((((((((((((((((((
CCCCCC((((((((((((((((((((((((((((((((((((>>>>>(((((((((((((((((((((((((((((((((
CCC((((((((((((((((((((((((((((((((((((((((>(>>>((((((((((((((((((((((((((((((((
((((((((((((((((((((((((((((((((((((((((((((((>>((((((((((((((((((((((((((((((((
(((((((((((((((((((((CCCCC(((((((((((((((((((((((((((((((((>>>>(((((((((((((((((
(((((((((((((((((((((CCCCCCCCC(((((((((((((((((((((((((((((>>>>(>(((((((((((((((
((((((((((((((((((((((((((CCCCC(((((((((((((((((((((((((((((((((((((((((((((((((
(((((((((((((((((((((((((((CCCC((((((((((((((((((((((((((((((((((((((((>>(((((((
(((((((((((((((((((((((((CC(C(C(((((((((((((((((((((((((((((((((((((((>>>>((((((
(((((((((((((((((((((((CCC(C((CCCCC((((((((((((((((((((((((((((((((((>>>>>((((((
((((((((((((((((((((((((CCCCCCCCC(C(((((((((((((((((((((((((((((((((((((((((((((
((((((((((((((((((((((((((((((CCCC(CCC((((((((((((((((((((((((((((((((((((((((((
((((((((((((((((((((((((((((((((CC(((CC(((((((((((((((((((((((((((((((((((((((((
((((((((((((((((((((((((((((((((((((((((((((((((((((((((((((((((((((((((((((((((
((((((((((((((((((((((((((((((((((((((((((((((((((((((((((((((((((((((>>>>>>>(((
((((((((((((((((((((((((((((((((CC((((((((((((((((((((((((((((((((((((>(>>((((((
(((((((((((((((((((((((((((((((CC(((((((((((((((((((((((((((((((((((((>>((((((((
((((((((((((((((((((((((((((CCCC((((((((((((((((((((((((((((((((((((((((((((((((
((((((((((((((((((((((((((CCCCCC((((((((((((((((((((((((((((((((((((((((((((((((
((((((((((((((((((((((((((CCCC((((((((((((((((((((((((((((((((((((((((((((((((((
(((((((((((((((((((((((((((C((((((((((((((((((((((((((((((((((((((((((((((((((((
((((((((((((((((((((((CCCCCCC(((((((((((((((((((((((((((((((((((((((((((((((((((
((((((((((((((((((((((C(((C(C(((((((((((((((((((((((((((((((((((((((((((((((((((
(((((((((((((((((((((((CCC(C((((((((((((((((((((((((((((((((((((((((((((((((((((
(((((((((((((((((((((((CCC(C(((((((((((((((((((((((((((((((((((((((((((((((((((>
(((((((((((((((((((((((CC((((((((((((((((((((((((((((((((((((((((((((((((((((>>>
((((((((((((((((((((((((((((((((((((((((((((((((((((((((((((((((((((((((((((>>>>
((((((((((((((((((((((((((((((((((((((((((((((((((((((((((((((((((((((((((((>>((
((((((((((((((((((((((((((((((((((((((((((((((((((((((((((((((((((((((((((((>>((
((((((((((((((((((((((((((((((((((((((((((((((((((((((((((((((((((((((((((>>>(((
((((((((((((((((((((((((((((((((((((((((((((((((((((((((((((((((((((((((((((((((
(((((((((((((((((((((((((((((((((((((((((((((((((((((((((((((((((((((((>((((((((
((((((((((((((((((((((((((((((((((((((((((((((((((((((((((((((((((((>(>>((((((((
CC((((((((((((((((((((((((((((((((((((((((((((((((((((((((((((((>>>>>>>(((((((((
CCC(((CC((((((((((((((((((((((((((((((((((((((((((((((((((((>(((((((((((((((((((
(CCCC((CCCC((((((((((((((((((((((((((((((((((((((((((((((>>>>(((((((((((((((((((
CC(C(CC((CCC(((((((((((((((((((((((((((((((((((((((((((>>>>>>(((((((((((((((((((
CC(CCC(CCCCCCCC(((((((((((((((((((((((((((((((((((((((>>>(((((((((((((((((((((((
(CCC(CCCCC((CCC((((((((((((((((((((((((((((((((((((>>>>(((((((((((((((((((((((((
